// Jest Snapshot v1, https://goo.gl/fbAQLP

exports[`snapshot 1`] = `
<View
  style={
    Object {
      "backgroundColor": "#FFFFFF",
      "minHeight": "100%",
    }
  }
>
  <RCTScrollView
    collapsable={false}
    onGestureHandlerEvent={[Function]}
    onGestureHandlerStateChange={[Function]}
  >
    <View>
      <Text
        style={
          Object {
            "alignSelf": "center",
            "fontFamily": "Roboto-Black",
            "fontSize": 30,
            "lineHeight": 36,
            "marginTop": 70,
          }
        }
        testID="tittle"
      >
        Help of FoodUs
      </Text>
      <View
        style={
          Object {
            "paddingTop": 30,
          }
        }
        testID="container"
      >
        <Text
          style={
            Object {
              "fontFamily": "Roboto-Black",
              "fontSize": 30,
              "lineHeight": 36,
              "paddingLeft": 10,
            }
          }
        >
          General
        </Text>
        <RCTScrollView
          collapsable={false}
          onGestureHandlerEvent={[Function]}
          onGestureHandlerStateChange={[Function]}
          style={
            Object {
              "alignSelf": "stretch",
            }
          }
          testID="questions"
        >
          <View>
            <View
              style={
                Object {
                  "backgroundColor": "transparent",
                  "flex": 1,
                  "flexDirection": "column",
                  "height": undefined,
                  "overflow": "hidden",
                }
              }
            >
              <View
                accessible={true}
                focusable={true}
                onClick={[Function]}
                onResponderGrant={[Function]}
                onResponderMove={[Function]}
                onResponderRelease={[Function]}
                onResponderTerminate={[Function]}
                onResponderTerminationRequest={[Function]}
                onStartShouldSetResponder={[Function]}
                style={
                  Object {
                    "opacity": 1,
                  }
                }
              >
                <View
                  onLayout={[Function]}
                >
                  <View
                    style={
                      Object {
                        "alignItems": "center",
                        "flexDirection": "row",
                        "flexWrap": "wrap",
                        "paddingHorizontal": 12,
                        "paddingVertical": 8,
                        "width": "100%",
                      }
                    }
                  >
                    <Text
                      style={
                        Object {
                          "color": "blue",
                          "fontSize": 25,
                        }
                      }
                    >
                      How can I view my recipes history?
                    </Text>
                  </View>
                  <Image
                    source={false}
                    style={
                      Object {
                        "height": 20,
                        "position": "absolute",
                        "right": 16,
                        "width": 20,
                      }
                    }
                  />
                </View>
              </View>
              <View
                onLayout={[Function]}
                style={
                  Object {
                    "alignItems": "flex-start",
                    "flex": 1,
                    "flexDirection": "column",
                    "justifyContent": "center",
                  }
                }
              >
                <View
                  style={
                    Array [
                      Object {
                        "padding": 12,
                      },
                    ]
                  }
                >
                  <Text
                    style={
                      Array [
                        Object {
                          "fontSize": 14,
                        },
                        Object {
                          "fontSize": 20,
                        },
                      ]
                    }
                  >
                    In the view of your profile by pressing the last button on the bottom bar, you will find your recipe history.
                  </Text>
                </View>
              </View>
            </View>
            <View
              style={
                Object {
                  "backgroundColor": "transparent",
                  "flex": 1,
                  "flexDirection": "column",
                  "height": undefined,
                  "overflow": "hidden",
                }
              }
            >
              <View
                accessible={true}
                focusable={true}
                onClick={[Function]}
                onResponderGrant={[Function]}
                onResponderMove={[Function]}
                onResponderRelease={[Function]}
                onResponderTerminate={[Function]}
                onResponderTerminationRequest={[Function]}
                onStartShouldSetResponder={[Function]}
                style={
                  Object {
                    "opacity": 1,
                  }
                }
              >
                <View
                  onLayout={[Function]}
                >
                  <View
                    style={
                      Object {
                        "alignItems": "center",
                        "flexDirection": "row",
                        "flexWrap": "wrap",
                        "paddingHorizontal": 12,
                        "paddingVertical": 8,
                        "width": "100%",
                      }
                    }
                  >
                    <Text
                      style={
                        Object {
                          "color": "blue",
                          "fontSize": 25,
                        }
                      }
                    >
                      How can I add a recipe to favorites?
                    </Text>
                  </View>
                  <Image
                    source={false}
                    style={
                      Object {
                        "height": 20,
                        "position": "absolute",
                        "right": 16,
                        "width": 20,
                      }
                    }
                  />
                </View>
              </View>
              <View
                onLayout={[Function]}
                style={
                  Object {
                    "alignItems": "flex-start",
                    "flex": 1,
                    "flexDirection": "column",
                    "justifyContent": "center",
                  }
                }
              >
                <View
                  style={
                    Array [
                      Object {
                        "padding": 12,
                      },
                    ]
                  }
                >
                  <Text
                    style={
                      Array [
                        Object {
                          "fontSize": 14,
                        },
                        Object {
                          "fontSize": 20,
                        },
                      ]
                    }
                  >
                    When accessing the details of a recipe, you can add it to favorites by pressing the heart button.
                  </Text>
                </View>
              </View>
            </View>
            <View
              style={
                Object {
                  "backgroundColor": "transparent",
                  "flex": 1,
                  "flexDirection": "column",
                  "height": undefined,
                  "overflow": "hidden",
                }
              }
            >
              <View
                accessible={true}
                focusable={true}
                onClick={[Function]}
                onResponderGrant={[Function]}
                onResponderMove={[Function]}
                onResponderRelease={[Function]}
                onResponderTerminate={[Function]}
                onResponderTerminationRequest={[Function]}
                onStartShouldSetResponder={[Function]}
                style={
                  Object {
                    "opacity": 1,
                  }
                }
              >
                <View
                  onLayout={[Function]}
                >
                  <View
                    style={
                      Object {
                        "alignItems": "center",
                        "flexDirection": "row",
                        "flexWrap": "wrap",
                        "paddingHorizontal": 12,
                        "paddingVertical": 8,
                        "width": "100%",
                      }
                    }
                  >
                    <Text
                      style={
                        Object {
                          "color": "blue",
                          "fontSize": 25,
                        }
                      }
                    >
                      How can I change my password?
                    </Text>
                  </View>
                  <Image
                    source={false}
                    style={
                      Object {
                        "height": 20,
                        "position": "absolute",
                        "right": 16,
                        "width": 20,
                      }
                    }
                  />
                </View>
              </View>
              <View
                onLayout={[Function]}
                style={
                  Object {
                    "alignItems": "flex-start",
                    "flex": 1,
                    "flexDirection": "column",
                    "justifyContent": "center",
                  }
                }
              >
                <View
                  style={
                    Array [
                      Object {
                        "padding": 12,
                      },
                    ]
                  }
                >
                  <Text
                    style={
                      Array [
                        Object {
                          "fontSize": 14,
                        },
                        Object {
                          "fontSize": 20,
                        },
                      ]
                    }
                  >
                    In the profile screen by pressing the last button on the bottom bar, in the user settings screen you can change the password, email, name and surname.
                  </Text>
                </View>
              </View>
            </View>
            <View
              style={
                Object {
                  "backgroundColor": "transparent",
                  "flex": 1,
                  "flexDirection": "column",
                  "height": undefined,
                  "overflow": "hidden",
                }
              }
            >
              <View
                accessible={true}
                focusable={true}
                onClick={[Function]}
                onResponderGrant={[Function]}
                onResponderMove={[Function]}
                onResponderRelease={[Function]}
                onResponderTerminate={[Function]}
                onResponderTerminationRequest={[Function]}
                onStartShouldSetResponder={[Function]}
                style={
                  Object {
                    "opacity": 1,
                  }
                }
              >
                <View
                  onLayout={[Function]}
                >
                  <View
                    style={
                      Object {
                        "alignItems": "center",
                        "flexDirection": "row",
                        "flexWrap": "wrap",
                        "paddingHorizontal": 12,
                        "paddingVertical": 8,
                        "width": "100%",
                      }
                    }
                  >
                    <Text
                      style={
                        Object {
                          "color": "blue",
                          "fontSize": 25,
                        }
                      }
                    >
                      Why can't I find anything when searching for recipes in Spanish?
                    </Text>
                  </View>
                  <Image
                    source={false}
                    style={
                      Object {
                        "height": 20,
                        "position": "absolute",
                        "right": 16,
                        "width": 20,
                      }
                    }
                  />
                </View>
              </View>
              <View
                onLayout={[Function]}
                style={
                  Object {
                    "alignItems": "flex-start",
                    "flex": 1,
                    "flexDirection": "column",
                    "justifyContent": "center",
                  }
                }
              >
                <View
                  style={
                    Array [
                      Object {
                        "padding": 12,
                      },
                    ]
                  }
                >
                  <Text
                    style={
                      Array [
                        Object {
                          "fontSize": 14,
                        },
                        Object {
                          "fontSize": 20,
                        },
                      ]
                    }
                  >
                    Currently, the entire application is in English, therefore all searches will have to be done in English.
                  </Text>
                </View>
              </View>
            </View>
            <View
              style={
                Object {
                  "backgroundColor": "transparent",
                  "flex": 1,
                  "flexDirection": "column",
                  "height": undefined,
                  "overflow": "hidden",
                }
              }
            >
              <View
                accessible={true}
                focusable={true}
                onClick={[Function]}
                onResponderGrant={[Function]}
                onResponderMove={[Function]}
                onResponderRelease={[Function]}
                onResponderTerminate={[Function]}
                onResponderTerminationRequest={[Function]}
                onStartShouldSetResponder={[Function]}
                style={
                  Object {
                    "opacity": 1,
                  }
                }
              >
                <View
                  onLayout={[Function]}
                >
                  <View
                    style={
                      Object {
                        "alignItems": "center",
                        "flexDirection": "row",
                        "flexWrap": "wrap",
                        "paddingHorizontal": 12,
                        "paddingVertical": 8,
                        "width": "100%",
                      }
                    }
                  >
                    <Text
                      style={
                        Object {
                          "color": "blue",
                          "fontSize": 25,
                        }
                      }
                    >
                      What foods does the app recognize when adding a photo?
                    </Text>
                  </View>
                  <Image
                    source={false}
                    style={
                      Object {
                        "height": 20,
                        "position": "absolute",
                        "right": 16,
                        "width": 20,
                      }
                    }
                  />
                </View>
              </View>
              <View
                onLayout={[Function]}
                style={
                  Object {
                    "alignItems": "flex-start",
                    "flex": 1,
                    "flexDirection": "column",
                    "justifyContent": "center",
                  }
                }
              >
                <View
                  style={
                    Array [
                      Object {
                        "padding": 12,
                      },
                    ]
                  }
                >
                  <Text
                    style={
                      Array [
                        Object {
                          "fontSize": 14,
                        },
                        Object {
                          "fontSize": 20,
                        },
                      ]
                    }
                  >
                    Currently, through images, the application only recognizes apple, avocado, banana, cucumber, eggplant, lemon, onion, pepper, potato, lettuce, carrot, tomato, garlic
                  </Text>
                </View>
              </View>
            </View>
          </View>
        </RCTScrollView>
      </View>
      <View
        style={Object {}}
      >
        <Text
          style={
            Object {
              "fontFamily": "Roboto-Black",
              "fontSize": 30,
              "lineHeight": 36,
              "marginTop": 30,
              "paddingLeft": 10,
            }
          }
        >
          Food List
        </Text>
        <RCTScrollView
          collapsable={false}
          onGestureHandlerEvent={[Function]}
          onGestureHandlerStateChange={[Function]}
        >
          <View>
            <View
              style={
                Object {
                  "backgroundColor": "transparent",
                  "flex": 1,
                  "flexDirection": "column",
                  "height": undefined,
                  "overflow": "hidden",
                }
              }
            >
              <View
                accessible={true}
                focusable={true}
                onClick={[Function]}
                onResponderGrant={[Function]}
                onResponderMove={[Function]}
                onResponderRelease={[Function]}
                onResponderTerminate={[Function]}
                onResponderTerminationRequest={[Function]}
                onStartShouldSetResponder={[Function]}
                style={
                  Object {
                    "opacity": 1,
                  }
                }
              >
                <View
                  onLayout={[Function]}
                >
                  <View
                    style={
                      Object {
                        "alignItems": "center",
                        "flexDirection": "row",
                        "flexWrap": "wrap",
                        "paddingHorizontal": 12,
                        "paddingVertical": 8,
                        "width": "100%",
                      }
                    }
                  >
                    <Text
                      style={
                        Object {
                          "color": "blue",
                          "fontSize": 25,
                        }
                      }
                    >
                      How can I add an ingredient?
                    </Text>
                  </View>
                  <Image
                    source={false}
                    style={
                      Object {
                        "height": 20,
                        "position": "absolute",
                        "right": 16,
                        "width": 20,
                      }
                    }
                  />
                </View>
              </View>
              <View
                onLayout={[Function]}
                style={
                  Object {
                    "alignItems": "flex-start",
                    "flex": 1,
                    "flexDirection": "column",
                    "justifyContent": "center",
                  }
                }
              >
                <View
                  style={
                    Array [
                      Object {
                        "padding": 12,
                      },
                    ]
                  }
                >
                  <Text
                    style={
                      Array [
                        Object {
                          "fontSize": 14,
                        },
                        Object {
                          "fontSize": 20,
                        },
                      ]
                    }
                  >
                    Typing an ingredient in the search bar will bring up the ingredients available in the app that match your search.
                  </Text>
                </View>
              </View>
            </View>
            <View
              style={
                Object {
                  "backgroundColor": "transparent",
                  "flex": 1,
                  "flexDirection": "column",
                  "height": undefined,
                  "overflow": "hidden",
                }
              }
            >
              <View
                accessible={true}
                focusable={true}
                onClick={[Function]}
                onResponderGrant={[Function]}
                onResponderMove={[Function]}
                onResponderRelease={[Function]}
                onResponderTerminate={[Function]}
                onResponderTerminationRequest={[Function]}
                onStartShouldSetResponder={[Function]}
                style={
                  Object {
                    "opacity": 1,
                  }
                }
              >
                <View
                  onLayout={[Function]}
                >
                  <View
                    style={
                      Object {
                        "alignItems": "center",
                        "flexDirection": "row",
                        "flexWrap": "wrap",
                        "paddingHorizontal": 12,
                        "paddingVertical": 8,
                        "width": "100%",
                      }
                    }
                  >
                    <Text
                      style={
                        Object {
                          "color": "blue",
                          "fontSize": 25,
                        }
                      }
                    >
                      How can I remove an ingredient?
                    </Text>
                  </View>
                  <Image
                    source={false}
                    style={
                      Object {
                        "height": 20,
                        "position": "absolute",
                        "right": 16,
                        "width": 20,
                      }
                    }
                  />
                </View>
              </View>
              <View
                onLayout={[Function]}
                style={
                  Object {
                    "alignItems": "flex-start",
                    "flex": 1,
                    "flexDirection": "column",
                    "justifyContent": "center",
                  }
                }
              >
                <View
                  style={
                    Array [
                      Object {
                        "padding": 12,
                      },
                    ]
                  }
                >
                  <Text
                    style={
                      Array [
                        Object {
                          "fontSize": 14,
                        },
                        Object {
                          "fontSize": 20,
                        },
                      ]
                    }
                  >
                    You can remove an individual ingredient by clicking on the trash can to the right of the ingredient name, you can also remove all ingredients from the list by pressing the floating button with the trash can.
                  </Text>
                </View>
              </View>
            </View>
            <View
              style={
                Object {
                  "backgroundColor": "transparent",
                  "flex": 1,
                  "flexDirection": "column",
                  "height": undefined,
                  "overflow": "hidden",
                }
              }
            >
              <View
                accessible={true}
                focusable={true}
                onClick={[Function]}
                onResponderGrant={[Function]}
                onResponderMove={[Function]}
                onResponderRelease={[Function]}
                onResponderTerminate={[Function]}
                onResponderTerminationRequest={[Function]}
                onStartShouldSetResponder={[Function]}
                style={
                  Object {
                    "opacity": 1,
                  }
                }
              >
                <View
                  onLayout={[Function]}
                >
                  <View
                    style={
                      Object {
                        "alignItems": "center",
                        "flexDirection": "row",
                        "flexWrap": "wrap",
                        "paddingHorizontal": 12,
                        "paddingVertical": 8,
                        "width": "100%",
                      }
                    }
                  >
                    <Text
                      style={
                        Object {
                          "color": "blue",
                          "fontSize": 25,
                        }
                      }
                    >
                      What are pantry items?
                    </Text>
                  </View>
                  <Image
                    source={false}
                    style={
                      Object {
                        "height": 20,
                        "position": "absolute",
                        "right": 16,
                        "width": 20,
                      }
                    }
                  />
                </View>
              </View>
              <View
                onLayout={[Function]}
                style={
                  Object {
                    "alignItems": "flex-start",
                    "flex": 1,
                    "flexDirection": "column",
                    "justifyContent": "center",
                  }
                }
              >
                <View
                  style={
                    Array [
                      Object {
                        "padding": 12,
                      },
                    ]
                  }
                >
                  <Text
                    style={
                      Array [
                        Object {
                          "fontSize": 14,
                        },
                        Object {
                          "fontSize": 20,
                        },
                      ]
                    }
                  >
                    Pantry items are basic ingredients such as: salt, oil...
                  </Text>
                </View>
              </View>
            </View>
            <View
              style={
                Object {
                  "backgroundColor": "transparent",
                  "flex": 1,
                  "flexDirection": "column",
                  "height": undefined,
                  "overflow": "hidden",
                }
              }
            >
              <View
                accessible={true}
                focusable={true}
                onClick={[Function]}
                onResponderGrant={[Function]}
                onResponderMove={[Function]}
                onResponderRelease={[Function]}
                onResponderTerminate={[Function]}
                onResponderTerminationRequest={[Function]}
                onStartShouldSetResponder={[Function]}
                style={
                  Object {
                    "opacity": 1,
                  }
                }
              >
                <View
                  onLayout={[Function]}
                >
                  <View
                    style={
                      Object {
                        "alignItems": "center",
                        "flexDirection": "row",
                        "flexWrap": "wrap",
                        "paddingHorizontal": 12,
                        "paddingVertical": 8,
                        "width": "100%",
                      }
                    }
                  >
                    <Text
                      style={
                        Object {
                          "color": "blue",
                          "fontSize": 25,
                        }
                      }
                    >
                      How to find a recipe with ingredients that I have?
                    </Text>
                  </View>
                  <Image
                    source={false}
                    style={
                      Object {
                        "height": 20,
                        "position": "absolute",
                        "right": 16,
                        "width": 20,
                      }
                    }
                  />
                </View>
              </View>
              <View
                onLayout={[Function]}
                style={
                  Object {
                    "alignItems": "flex-start",
                    "flex": 1,
                    "flexDirection": "column",
                    "justifyContent": "center",
                  }
                }
              >
                <View
                  style={
                    Array [
                      Object {
                        "padding": 12,
                      },
                    ]
                  }
                >
                  <Text
                    style={
                      Array [
                        Object {
                          "fontSize": 14,
                        },
                        Object {
                          "fontSize": 20,
                        },
                      ]
                    }
                  >
                    Select by pressing the checkbox of the ingredients that you want your recipe to contain, and then press the floating button that contains a magnifying glass.
                  </Text>
                </View>
              </View>
            </View>
          </View>
        </RCTScrollView>
      </View>
      <View
        style={Object {}}
      >
        <Text
          style={
            Object {
              "fontFamily": "Roboto-Black",
              "fontSize": 30,
              "lineHeight": 36,
              "marginTop": 30,
              "paddingLeft": 10,
            }
          }
        >
          Shopping List
        </Text>
        <RCTScrollView
          collapsable={false}
          onGestureHandlerEvent={[Function]}
          onGestureHandlerStateChange={[Function]}
        >
          <View>
            <View
              style={
                Object {
                  "backgroundColor": "transparent",
                  "flex": 1,
                  "flexDirection": "column",
                  "height": undefined,
                  "overflow": "hidden",
                }
              }
            >
              <View
                accessible={true}
                focusable={true}
                onClick={[Function]}
                onResponderGrant={[Function]}
                onResponderMove={[Function]}
                onResponderRelease={[Function]}
                onResponderTerminate={[Function]}
                onResponderTerminationRequest={[Function]}
                onStartShouldSetResponder={[Function]}
                style={
                  Object {
                    "opacity": 1,
                  }
                }
              >
                <View
                  onLayout={[Function]}
                >
                  <View
                    style={
                      Object {
                        "alignItems": "center",
                        "flexDirection": "row",
                        "flexWrap": "wrap",
                        "paddingHorizontal": 12,
                        "paddingVertical": 8,
                        "width": "100%",
                      }
                    }
                  >
                    <Text
                      style={
                        Object {
                          "color": "blue",
                          "fontSize": 25,
                        }
                      }
                    >
                      How can I add an ingredient to my shopping list?
                    </Text>
                  </View>
                  <Image
                    source={false}
                    style={
                      Object {
                        "height": 20,
                        "position": "absolute",
                        "right": 16,
                        "width": 20,
                      }
                    }
                  />
                </View>
              </View>
              <View
                onLayout={[Function]}
                style={
                  Object {
                    "alignItems": "flex-start",
                    "flex": 1,
                    "flexDirection": "column",
                    "justifyContent": "center",
                  }
                }
              >
                <View
                  style={
                    Array [
                      Object {
                        "padding": 12,
                      },
                    ]
                  }
                >
                  <Text
                    style={
                      Array [
                        Object {
                          "fontSize": 14,
                        },
                        Object {
                          "fontSize": 20,
                        },
                      ]
                    }
                  >
                    You can add an ingredient to your list by writing the text in the top bar and then pressing the add button.
                  </Text>
                </View>
              </View>
            </View>
            <View
              style={
                Object {
                  "backgroundColor": "transparent",
                  "flex": 1,
                  "flexDirection": "column",
                  "height": undefined,
                  "overflow": "hidden",
                }
              }
            >
              <View
                accessible={true}
                focusable={true}
                onClick={[Function]}
                onResponderGrant={[Function]}
                onResponderMove={[Function]}
                onResponderRelease={[Function]}
                onResponderTerminate={[Function]}
                onResponderTerminationRequest={[Function]}
                onStartShouldSetResponder={[Function]}
                style={
                  Object {
                    "opacity": 1,
                  }
                }
              >
                <View
                  onLayout={[Function]}
                >
                  <View
                    style={
                      Object {
                        "alignItems": "center",
                        "flexDirection": "row",
                        "flexWrap": "wrap",
                        "paddingHorizontal": 12,
                        "paddingVertical": 8,
                        "width": "100%",
                      }
                    }
                  >
                    <Text
                      style={
                        Object {
                          "color": "blue",
                          "fontSize": 25,
                        }
                      }
                    >
                      How can I remove an ingredient from my shopping list?
                    </Text>
                  </View>
                  <Image
                    source={false}
                    style={
                      Object {
                        "height": 20,
                        "position": "absolute",
                        "right": 16,
                        "width": 20,
                      }
                    }
                  />
                </View>
              </View>
              <View
                onLayout={[Function]}
                style={
                  Object {
                    "alignItems": "flex-start",
                    "flex": 1,
                    "flexDirection": "column",
                    "justifyContent": "center",
                  }
                }
              >
                <View
                  style={
                    Array [
                      Object {
                        "padding": 12,
                      },
                    ]
                  }
                >
                  <Text
                    style={
                      Array [
                        Object {
                          "fontSize": 14,
                        },
                        Object {
                          "fontSize": 20,
                        },
                      ]
                    }
                  >
                    You can remove an individual ingredient by clicking on the trash can to the right of the ingredient name, you can also remove all ingredients from the list by pressing the floating button with the trash can.
                  </Text>
                </View>
              </View>
            </View>
            <View
              style={
                Object {
                  "backgroundColor": "transparent",
                  "flex": 1,
                  "flexDirection": "column",
                  "height": undefined,
                  "overflow": "hidden",
                }
              }
            >
              <View
                accessible={true}
                focusable={true}
                onClick={[Function]}
                onResponderGrant={[Function]}
                onResponderMove={[Function]}
                onResponderRelease={[Function]}
                onResponderTerminate={[Function]}
                onResponderTerminationRequest={[Function]}
                onStartShouldSetResponder={[Function]}
                style={
                  Object {
                    "opacity": 1,
                  }
                }
              >
                <View
                  onLayout={[Function]}
                >
                  <View
                    style={
                      Object {
                        "alignItems": "center",
                        "flexDirection": "row",
                        "flexWrap": "wrap",
                        "paddingHorizontal": 12,
                        "paddingVertical": 8,
                        "width": "100%",
                      }
                    }
                  >
                    <Text
                      style={
                        Object {
                          "color": "blue",
                          "fontSize": 25,
                        }
                      }
                    >
                      How can I mark a food on the list as purchased?
                    </Text>
                  </View>
                  <Image
                    source={false}
                    style={
                      Object {
                        "height": 20,
                        "position": "absolute",
                        "right": 16,
                        "width": 20,
                      }
                    }
                  />
                </View>
              </View>
              <View
                onLayout={[Function]}
                style={
                  Object {
                    "alignItems": "flex-start",
                    "flex": 1,
                    "flexDirection": "column",
                    "justifyContent": "center",
                  }
                }
              >
                <View
                  style={
                    Array [
                      Object {
                        "padding": 12,
                      },
                    ]
                  }
                >
                  <Text
                    style={
                      Array [
                        Object {
                          "fontSize": 14,
                        },
                        Object {
                          "fontSize": 20,
                        },
                      ]
                    }
                  >
                    By pressing the checkbox button to the left of an ingredient, that ingredient will appear crossed out.
                  </Text>
                </View>
              </View>
            </View>
          </View>
        </RCTScrollView>
      </View>
    </View>
  </RCTScrollView>
  <View
    large={true}
    pointerEvents="auto"
    style={
      Object {
        "backgroundColor": "#03dac4",
        "borderRadius": 28,
        "elevation": 6,
        "margin": 16,
        "opacity": 1,
        "position": "absolute",
        "right": 0,
        "shadowColor": "#000000",
        "shadowOffset": Object {
          "height": 5,
          "width": 0,
        },
        "shadowOpacity": 0.24,
        "shadowRadius": 6,
        "top": 670,
        "transform": Array [
          Object {
            "scale": 1,
          },
        ],
      }
    }
  >
    <View
      accessibilityRole="button"
      accessibilityState={
        Object {
          "disabled": undefined,
        }
      }
      accessible={true}
      focusable={true}
      onClick={[Function]}
      onResponderGrant={[Function]}
      onResponderMove={[Function]}
      onResponderRelease={[Function]}
      onResponderTerminate={[Function]}
      onResponderTerminationRequest={[Function]}
      onStartShouldSetResponder={[Function]}
      style={
        Array [
          Object {
            "overflow": "hidden",
          },
          Object {
            "borderRadius": 28,
          },
        ]
      }
      testID="button"
    >
      <View
        pointerEvents="none"
        style={
          Array [
            Object {
              "alignItems": "center",
              "flexDirection": "row",
              "justifyContent": "center",
            },
            Object {
              "height": 56,
              "width": 56,
            },
          ]
        }
      >
        <View
          style={
            Array [
              Object {
                "alignItems": "center",
                "justifyContent": "center",
              },
              Object {
                "height": 24,
                "width": 24,
              },
            ]
          }
        >
          <View
            style={
              Object {
                "bottom": 0,
                "left": 0,
                "opacity": 1,
                "position": "absolute",
                "right": 0,
                "top": 0,
                "transform": Array [
                  Object {
                    "rotate": "0deg",
                  },
                ],
              }
            }
          >
            <Text />
          </View>
        </View>
      </View>
    </View>
  </View>
</View>
`;
